dovecot login                       times (pct%)
================================================
me@mydomain.tld                         1 (100%)
------------------------------------------------
*                                       1 (100%)

dovecot lda                         count (pct%)
================================================
me@mydomain.tld                         1 (100%)
------------------------------------------------
*                                       1 (100%)
