sudo from        to                  times pct%
===============================================
frodo            root                    6  60%
sam              root                    2  20%
gandalf          root                    1  10%
smeagol          root                    1  10%
-----------------------------------------------
*                *                      10 100%
